Detecting CXX compiler ABI info failed to compile with the following output:
Change Dir: /g/g90/sharmin1/tutorial/FPChecker/build-current/CMakeFiles/CMakeTmp

Run Build Command(s):/usr/bin/gmake -f Makefile cmTC_2d477/fast && /usr/bin/gmake  -f CMakeFiles/cmTC_2d477.dir/build.make CMakeFiles/cmTC_2d477.dir/build
gmake[1]: Entering directory '/g/g90/sharmin1/tutorial/FPChecker/build-current/CMakeFiles/CMakeTmp'
Building CXX object CMakeFiles/cmTC_2d477.dir/CMakeCXXCompilerABI.cpp.o
/usr/lib64/ccache/clang++   -v -MD -MT CMakeFiles/cmTC_2d477.dir/CMakeCXXCompilerABI.cpp.o -MF CMakeFiles/cmTC_2d477.dir/CMakeCXXCompilerABI.cpp.o.d -o CMakeFiles/cmTC_2d477.dir/CMakeCXXCompilerABI.cpp.o -c /usr/tce/backend/installations/linux-rhel8-x86_64/gcc-8.3.1/cmake-3.24.2-ywx52e32uh6gkxzuyubpwkulzgdvxyh6/share/cmake-3.24/Modules/CMakeCXXCompilerABI.cpp
ccache: error: Failed to create directory /g/g90/sharmin1/.ccache/tmp: Read-only file system
gmake[1]: *** [CMakeFiles/cmTC_2d477.dir/build.make:79: CMakeFiles/cmTC_2d477.dir/CMakeCXXCompilerABI.cpp.o] Error 1
gmake[1]: Leaving directory '/g/g90/sharmin1/tutorial/FPChecker/build-current/CMakeFiles/CMakeTmp'
gmake: *** [Makefile:127: cmTC_2d477/fast] Error 2




Determining if the CXX compiler works failed with the following output:
Change Dir: /g/g90/sharmin1/tutorial/FPChecker/build-current/CMakeFiles/CMakeTmp

Run Build Command(s):/usr/bin/gmake -f Makefile cmTC_634b5/fast && /usr/bin/gmake  -f CMakeFiles/cmTC_634b5.dir/build.make CMakeFiles/cmTC_634b5.dir/build
gmake[1]: Entering directory '/g/g90/sharmin1/tutorial/FPChecker/build-current/CMakeFiles/CMakeTmp'
Building CXX object CMakeFiles/cmTC_634b5.dir/testCXXCompiler.cxx.o
/usr/lib64/ccache/clang++    -MD -MT CMakeFiles/cmTC_634b5.dir/testCXXCompiler.cxx.o -MF CMakeFiles/cmTC_634b5.dir/testCXXCompiler.cxx.o.d -o CMakeFiles/cmTC_634b5.dir/testCXXCompiler.cxx.o -c /g/g90/sharmin1/tutorial/FPChecker/build-current/CMakeFiles/CMakeTmp/testCXXCompiler.cxx
ccache: error: Failed to create directory /g/g90/sharmin1/.ccache/tmp: Read-only file system
gmake[1]: *** [CMakeFiles/cmTC_634b5.dir/build.make:79: CMakeFiles/cmTC_634b5.dir/testCXXCompiler.cxx.o] Error 1
gmake[1]: Leaving directory '/g/g90/sharmin1/tutorial/FPChecker/build-current/CMakeFiles/CMakeTmp'
gmake: *** [Makefile:127: cmTC_634b5/fast] Error 2



