Breakpoint 1 at 0x40be8e: file gramschmidt.c, line 181.
==BEGIN DUMP_ARRAYS==
begin dump: RMax value in R: 2.5714783e+02
Norm of R: 5.6007690e+00
Max value in R_double: 2.57147817412475831e+02
Norm of R_double: 5.60076959335118296e+00
Norm error R: 5.50382432962237544e-07
Norm error R (same FP32 outputs): 5.20020667416076776e-07

end   dump: R
begin dump: Q
Breakpoint 1, print_array (m=20, n=30, A=0x42c000, R=0x42d000, Q=0x42e000, R_double=0x431000, Q_double=0x433000) at gramschmidt.c:181
181	    norm_Q = 0 + norm_Q;
Breakpoint 2 at 0x15555553c6ed: file handleReal.cpp, line 874.

Breakpoint 2, eftsan_sum (res=7.4952054023742676, op1=0, op2=7.4952054023742676, res_=0x1555554b6c60, op1_=0x15555549e1f8, op2_=0x1555554b6c28, instId=522, err=0, c_err=-5.8524262778457281) at handleReal.cpp:874
874	  m_get_error(res_, res);
Breakpoint 3 at 0x40de41: file gramschmidt.c, line 210.
Max value in Q: 7.3076409e-01
Norm of Q: 7.4952054e+00
Max value in Q_double: 6.75042086230049909e-01
Norm of Q_double: 8.11390235776359781e+00

Breakpoint 3, print_array (m=20, n=30, A=0x42c000, R=0x42d000, Q=0x42e000, R_double=0x431000, Q_double=0x433000) at gramschmidt.c:210
210	  fprintf (POLYBENCH_DUMP_TARGET, "Norm error Q: %.17e\n", norm_error_Q);
$1 = 0.61869695538933023
